Microchip MPLAB XC8 Compiler V1.42 ()

Linker command line:

-W-3 --edf=C:\Program Files (x86)\Microchip\xc8\v1.42\dat\en_msgs.txt -cs \
  -h+dist/default/production\16F886_Template.X.production.sym \
  --cmf=dist/default/production\16F886_Template.X.production.cmf -z \
  -Q16F886 -oE:\TEMP\s5c0.2 \
  -Mdist/default/production/16F886_Template.X.production.map -E1 -ver=XC8 \
  -ASTACK=0110h-016fh -pstack=STACK -ACODE=00h-07FFhx4 -ASTRCODE=00h-01FFFh \
  -ASTRING=00h-0FFhx32 -ACONST=00h-0FFhx32 -AENTRY=00h-0FFhx32 \
  -ACOMMON=070h-07Fh -ABANK0=020h-06Fh -ABANK1=0A0h-0EFh \
  -ABANK2=0110h-016Fh -ABANK3=0190h-01EFh \
  -ARAM=020h-06Fh,0A0h-0EFh,0110h-016Fh,0190h-01EFh \
  -AABS1=020h-07Fh,0A0h-0EFh,0110h-016Fh,0190h-01EFh -ASFR0=00h-01Fh \
  -ASFR1=080h-09Fh -ASFR2=0100h-010Fh -ASFR3=0180h-018Fh \
  -preset_vec=00h,intentry=04h,init,end_init -ppowerup=CODE -pcinit=CODE \
  -pfunctab=CODE -ACONFIG=02007h-02008h -pconfig=CONFIG -DCONFIG=2 \
  -AIDLOC=02000h-02003h -pidloc=IDLOC -DIDLOC=2 -AEEDATA=00h-0FFh/02100h \
  -peeprom_data=EEDATA -DEEDATA=2 -DCODE=2 -DSTRCODE=2 -DSTRING=2 -DCONST=2 \
  -DENTRY=2 -k E:\TEMP\s5c0.obj \
  dist/default/production\16F886_Template.X.production.obj 

Object code version is 3.11

Machine type is 16F886



                Name                               Link     Load   Length Selector   Space Scale
E:\TEMP\s5c0.obj
                end_init                             12       12        3        8       0
                reset_vec                             0        0        3        0       0
                config                             2007     2007        2     400E       0
dist/default/production\16F886_Template.X.production.obj
                cinit                                15       15       4F        8       0
                intentry                              4        4        E        8       0
                eeprom_data                           0     2100        8     4200       3
                text35                              9A6      9A6       26     134C       0
                text34                              8A0      8A0        4     1140       0
                text33                              8AC      8AC        7     1158       0
                text32                              8C1      8C1        8     1182       0
                text31                              8F9      8F9       17     11F2       0
                text30                              8E4      8E4       15     11C8       0
                text29                              B4B      B4B       5B     1696       0
                text28                              C6F      C6F       6E     18DE       0
                text27                              981      981       25     1302       0
                text26                              5E3      5E3       D3        8       0
                text25                              D62      D62       8E     1AC4       0
                text24                              910      910       18     1220       0
                text23                              DF0      DF0       98     1BE0       0
                text22                              A31      A31       3C     1462       0
                text21                              95E      95E       23     12BC       0
                text20                              8B3      8B3        7     1166       0
                text19                              8BA      8BA        7     1174       0
                text18                              6B6      6B6       CF        8       0
                text17                              A6D      A6D       3E     14DA       0
                text16                              9F6      9F6       3B     13EC       0
                text15                              E88      E88       B2     1D10       0
                text14                              C04      C04       6B     1808       0
                text13                              CDD      CDD       85     19BA       0
                text12                              F3A      F3A       C6     1E74       0
                text11                              50A      50A       D9        8       0
                text10                              928      928       1B     1250       0
                text9                               943      943       1B     1286       0
                text8                               785      785       6F        8       0
                text7                               7F4      7F4        C        8       0
                text6                               9CC      9CC       2A     1398       0
                text5                               AFA      AFA       51     15F4       0
                text4                               8D1      8D1       13     11A2       0
                text3                               342      342      1C8        8       0
                text2                               AAB      AAB       4F     1556       0
                text1                               BA6      BA6       5E     174C       0
                maintext                             64       64      2DE        8       0
                cstackBANK0                          20       20       32       20       1
                cstackCOMMON                         70       70        6       70       1
                clrtext                             8C9      8C9        8     1192       0
                bssBANK3                            190      190       53      190       1
                dataBANK1                            E4       E4        4       A0       1
                bssBANK1                             A0       A0       44       A0       1
                dataBANK0                            52       52        4       20       1
                bssBANK0                             56       56        3       20       1
                bssCOMMON                            76       76        4       70       1
                idataBANK1                          8A4      8A4        4     1148       0
                idataBANK0                          8A8      8A8        4     1150       0

TOTAL           Name                               Link     Load   Length     Space
        CLASS   STACK          

        CLASS   CODE           
                end_init                             12       12        3         0
                cinit                                15       15       4F         0
                intentry                              4        4        E         0
                reset_vec                             0        0        3         0
                text35                              9A6      9A6       26         0
                text34                              8A0      8A0        4         0
                text33                              8AC      8AC        7         0
                text32                              8C1      8C1        8         0
                text31                              8F9      8F9       17         0
                text30                              8E4      8E4       15         0
                text29                              B4B      B4B       5B         0
                text28                              C6F      C6F       6E         0
                text27                              981      981       25         0
                text26                              5E3      5E3       D3         0
                text25                              D62      D62       8E         0
                text24                              910      910       18         0
                text23                              DF0      DF0       98         0
                text22                              A31      A31       3C         0
                text21                              95E      95E       23         0
                text20                              8B3      8B3        7         0
                text19                              8BA      8BA        7         0
                text18                              6B6      6B6       CF         0
                text17                              A6D      A6D       3E         0
                text16                              9F6      9F6       3B         0
                text15                              E88      E88       B2         0
                text14                              C04      C04       6B         0
                text13                              CDD      CDD       85         0
                text12                              F3A      F3A       C6         0
                text11                              50A      50A       D9         0
                text10                              928      928       1B         0
                text9                               943      943       1B         0
                text8                               785      785       6F         0
                text7                               7F4      7F4        C         0
                text6                               9CC      9CC       2A         0
                text5                               AFA      AFA       51         0
                text4                               8D1      8D1       13         0
                text3                               342      342      1C8         0
                text2                               AAB      AAB       4F         0
                text1                               BA6      BA6       5E         0
                maintext                             64       64      2DE         0
                clrtext                             8C9      8C9        8         0
                idataBANK1                          8A4      8A4        4         0
                idataBANK0                          8A8      8A8        4         0

        CLASS   STRCODE        

        CLASS   STRING         

        CLASS   CONST          

        CLASS   ENTRY          

        CLASS   COMMON         
                cstackCOMMON                         70       70        6         1
                bssCOMMON                            76       76        4         1

        CLASS   BANK0          
                cstackBANK0                          20       20       32         1
                dataBANK0                            52       52        4         1
                bssBANK0                             56       56        3         1

        CLASS   BANK1          
                dataBANK1                            E4       E4        4         1
                bssBANK1                             A0       A0       44         1

        CLASS   BANK2          

        CLASS   BANK3          
                bssBANK3                            190      190       53         1

        CLASS   RAM            

        CLASS   ABS1           
                abs_s1                               7E       7E        2         1

        CLASS   SFR0           

        CLASS   SFR1           

        CLASS   SFR2           

        CLASS   SFR3           

        CLASS   CONFIG         
                config                             2007     2007        2         0

        CLASS   IDLOC          

        CLASS   EEDATA         
                eeprom_data                           0     2100        8         3



SEGMENTS        Name                           Load    Length   Top    Selector   Space  Class     Delta

                reset_vec                      000000  000003  000003         0       0  CODE        2
                intentry                       000004  0007FC  000800         8       0  CODE        2
                cstackBANK0                    000020  000039  000059        20       1  BANK0       1
                cstackCOMMON                   000070  00000A  00007A        70       1  COMMON      1
                bssBANK1                       0000A0  000048  0000E8        A0       1  BANK1       1
                bssBANK3                       000190  000053  0001E3       190       1  BANK3       1
                text34                         0008A0  000004  0008A4      1140       0  CODE        2
                idataBANK1                     0008A4  000004  0008A8      1148       0  CODE        2
                idataBANK0                     0008A8  000004  0008AC      1150       0  CODE        2
                text33                         0008AC  000007  0008B3      1158       0  CODE        2
                text20                         0008B3  000007  0008BA      1166       0  CODE        2
                text19                         0008BA  000007  0008C1      1174       0  CODE        2
                text32                         0008C1  000008  0008C9      1182       0  CODE        2
                clrtext                        0008C9  000008  0008D1      1192       0  CODE        2
                text4                          0008D1  000013  0008E4      11A2       0  CODE        2
                text30                         0008E4  000015  0008F9      11C8       0  CODE        2
                text31                         0008F9  000017  000910      11F2       0  CODE        2
                text24                         000910  000018  000928      1220       0  CODE        2
                text10                         000928  00001B  000943      1250       0  CODE        2
                text9                          000943  00001B  00095E      1286       0  CODE        2
                text21                         00095E  000023  000981      12BC       0  CODE        2
                text27                         000981  000025  0009A6      1302       0  CODE        2
                text35                         0009A6  000026  0009CC      134C       0  CODE        2
                text6                          0009CC  00002A  0009F6      1398       0  CODE        2
                text16                         0009F6  00003B  000A31      13EC       0  CODE        2
                text22                         000A31  00003C  000A6D      1462       0  CODE        2
                text17                         000A6D  00003E  000AAB      14DA       0  CODE        2
                text2                          000AAB  00004F  000AFA      1556       0  CODE        2
                text5                          000AFA  000051  000B4B      15F4       0  CODE        2
                text29                         000B4B  00005B  000BA6      1696       0  CODE        2
                text1                          000BA6  00005E  000C04      174C       0  CODE        2
                text14                         000C04  00006B  000C6F      1808       0  CODE        2
                text28                         000C6F  00006E  000CDD      18DE       0  CODE        2
                text13                         000CDD  000085  000D62      19BA       0  CODE        2
                text25                         000D62  00008E  000DF0      1AC4       0  CODE        2
                text23                         000DF0  000098  000E88      1BE0       0  CODE        2
                text15                         000E88  0000B2  000F3A      1D10       0  CODE        2
                text12                         000F3A  0000C6  001000      1E74       0  CODE        2
                config                         002007  000002  002009      400E       0  CONFIG      2
                eeprom_data                    002100  000008  002108      4200       3  EEDATA      2


UNUSED ADDRESS RANGES

        Name                Unused          Largest block    Delta
        BANK0            0059-006F             17           1
        BANK1            00E8-00EF              8           1
        BANK2            0110-016F             60           1
        BANK3            01E3-01EF              D           1
        CODE             0003-0003              1           2
                         0800-089F             A0
                         1000-1FFF            800
        COMMON           007A-007D              4           1
        CONST            0003-0003              1           2
                         0800-089F             A0
                         1000-1FFF            100
        EEDATA           2108-21FF             F8           2
        ENTRY            0003-0003              1           2
                         0800-089F             A0
                         1000-1FFF            100
        IDLOC            2000-2003              4           2
        RAM              0059-006F             17           1
                         00E8-00EF              8
                         0110-016F             60
                         01E3-01EF              D
        SFR0             0000-001F             20           1
        SFR1             0080-009F             20           1
        SFR2             0100-010F             10           1
        SFR3             0180-018F             10           1
        STACK            0110-016F             60           1
        STRCODE          0003-0003              1           2
                         0800-089F             A0
                         1000-1FFF           1000
        STRING           0003-0003              1           2
                         0800-089F             A0
                         1000-1FFF            100

                                  Symbol Table

?___awdiv                           cstackBANK0  0020
?___awtoft                          cstackBANK0  0028
?___ftmul                           cstackBANK0  002B
?___ftpack                          cstackBANK0  0020
?___fttol                           cstackBANK0  0020
?___lwdiv                           cstackBANK0  0020
?___lwtoft                          cstackBANK0  0028
?_millis                            cstackBANK0  0020
ADC_VALUE@adcva                     cstackCOMMON 0075
ON_LED@state                        cstackBANK0  004A
_ADCON0bits                         (abs)        001F
_ADC_IS_DONE                        text34       08A0
_ADC_START                          text33       08AC
_ADC_VALUE                          text32       08C1
_ADC_notte_init                     text31       08F9
_ADRESH                             (abs)        001E
_ANSEL                              (abs)        0188
_ANSELH                             (abs)        0189
_ANSELbits                          (abs)        0188
_CARRY                              (abs)        0018
_EEADR                              (abs)        010D
_EECON1                             (abs)        018C
_EECON2                             (abs)        018D
_EEDATA                             (abs)        010C
_GIE                                (abs)        005F
_INTCONbits                         (abs)        000B
_ON_LED                             text22       0A31
_OPTION_REGbits                     (abs)        0081
_OSCCONbits                         (abs)        008F
_P1_ROSSO                           bssBANK3     01D0
_P2_BLU                             bssBANK3     01BD
_P3_BLU                             bssBANK3     01AA
_P4_GIALLO                          bssBANK3     0197
_PIE1bits                           (abs)        008C
_PIR1bits                           (abs)        000C
_PORTA                              (abs)        0005
_PORTAbits                          (abs)        0005
_PORTB                              (abs)        0006
_PORTBbits                          (abs)        0006
_PORTC                              (abs)        0007
_PORTCbits                          (abs)        0007
_POWER_ONLED                        bssBANK3     0190
_RD                                 (abs)        0C60
_TMR0                               (abs)        0001
_TRISAbits                          (abs)        0085
_TRISBbits                          (abs)        0086
_TRISCbits                          (abs)        0087
_WPUBbits                           (abs)        0095
_WR                                 (abs)        0C61
_WREN                               (abs)        0C62
__Babs1                             abs1         4210
__Bbank0                            bank0        4210
__Bbank1                            bank1        4210
__Bbank2                            bank2        4210
__Bbank3                            bank3        4210
__BbssBANK0                         bssBANK0     4210
__BbssBANK1                         bssBANK1     4210
__BbssBANK3                         bssBANK3     4210
__BbssCOMMON                        bssCOMMON    4210
__Bclrtext                          clrtext      4210
__Bcode                             code         4210
__Bcommon                           common       4210
__BcstackBANK0                      cstackBANK0  4210
__BcstackCOMMON                     cstackCOMMON 4210
__BdataBANK0                        dataBANK0    4210
__BdataBANK1                        dataBANK1    4210
__Beeprom_data                      eeprom_data  2100
__BidataBANK0                       idataBANK0   4210
__BidataBANK1                       idataBANK1   4210
__Bmaintext                         maintext     4210
__Bram                              ram          4210
__Bsfr0                             sfr0         4210
__Bsfr1                             sfr1         4210
__Bsfr2                             sfr2         4210
__Bsfr3                             sfr3         4210
__Bstrings                          strings      4210
__Btext                             text         4210
__CFG_BOR4V$BOR40V                  (abs)        0000
__CFG_BOREN$OFF                     (abs)        0000
__CFG_CP$OFF                        (abs)        0000
__CFG_CPD$OFF                       (abs)        0000
__CFG_FCMEN$OFF                     (abs)        0000
__CFG_FOSC$INTRC_NOCLKOUT           (abs)        0000
__CFG_IESO$OFF                      (abs)        0000
__CFG_LVP$OFF                       (abs)        0000
__CFG_MCLRE$ON                      (abs)        0000
__CFG_PWRTE$OFF                     (abs)        0000
__CFG_WDTE$OFF                      (abs)        0000
__CFG_WRT$OFF                       (abs)        0000
__Habs1                             abs1         0010
__Hbank0                            bank0        0010
__Hbank1                            bank1        0010
__Hbank2                            bank2        0010
__Hbank3                            bank3        0010
__HbssBANK0                         bssBANK0     0010
__HbssBANK1                         bssBANK1     0010
__HbssBANK3                         bssBANK3     0010
__HbssCOMMON                        bssCOMMON    0010
__Hcinit                            cinit        0064
__Hclrtext                          clrtext      0010
__Hcode                             code         0010
__Hcommon                           common       0010
__Hconfig                           config       2009
__HcstackBANK0                      cstackBANK0  0010
__HcstackCOMMON                     cstackCOMMON 0010
__HdataBANK0                        dataBANK0    0010
__HdataBANK1                        dataBANK1    0010
__Heeprom_data                      eeprom_data  0008
__Hend_init                         end_init     0015
__Hfunctab                          functab      0000
__HidataBANK0                       idataBANK0   0010
__HidataBANK1                       idataBANK1   0010
__Hidloc                            idloc        0000
__Hinit                             init         0012
__Hintentry                         intentry     0012
__Hmaintext                         maintext     0010
__Hpowerup                          powerup      0000
__Hram                              ram          0010
__Hreset_vec                        reset_vec    0003
__Hsfr0                             sfr0         0010
__Hsfr1                             sfr1         0010
__Hsfr2                             sfr2         0010
__Hsfr3                             sfr3         0010
__Hspace_0                          (abs)        2009
__Hspace_1                          (abs)        01E3
__Hspace_2                          (abs)        0000
__Hspace_3                          (abs)        0008
__Hstack                            stack        0000
__Hstrings                          strings      0010
__Htext                             text         0010
__Labs1                             abs1         0010
__Lbank0                            bank0        0010
__Lbank1                            bank1        0010
__Lbank2                            bank2        0010
__Lbank3                            bank3        0010
__LbssBANK0                         bssBANK0     0010
__LbssBANK1                         bssBANK1     0010
__LbssBANK3                         bssBANK3     0010
__LbssCOMMON                        bssCOMMON    0010
__Lcinit                            cinit        0015
__Lclrtext                          clrtext      0010
__Lcode                             code         0010
__Lcommon                           common       0010
__Lconfig                           config       2007
__LcstackBANK0                      cstackBANK0  0010
__LcstackCOMMON                     cstackCOMMON 0010
__LdataBANK0                        dataBANK0    0010
__LdataBANK1                        dataBANK1    0010
__Leeprom_data                      eeprom_data  0000
__Lend_init                         end_init     0012
__Lfunctab                          functab      0000
__LidataBANK0                       idataBANK0   0010
__LidataBANK1                       idataBANK1   0010
__Lidloc                            idloc        0000
__Linit                             init         0012
__Lintentry                         intentry     0004
__Lmaintext                         maintext     0010
__Lpowerup                          powerup      0000
__Lram                              ram          0010
__Lreset_vec                        reset_vec    0000
__Lsfr0                             sfr0         0010
__Lsfr1                             sfr1         0010
__Lsfr2                             sfr2         0010
__Lsfr3                             sfr3         0010
__Lspace_0                          (abs)        0000
__Lspace_1                          (abs)        0000
__Lspace_2                          (abs)        0000
__Lspace_3                          (abs)        0000
__Lstack                            stack        0000
__Lstrings                          strings      0010
__Ltext                             text         0010
__S0                                (abs)        2009
__S1                                (abs)        01E3
__S2                                (abs)        0000
__S3                                (abs)        2108
___awdiv                            text29       0B4B
___awdiv@counter                    cstackBANK0  0024
___awdiv@dividend                   cstackBANK0  0022
___awdiv@divisor                    cstackBANK0  0020
___awdiv@quotient                   cstackBANK0  0026
___awdiv@sign                       cstackBANK0  0025
___awtoft                           text27       0981
___awtoft@c                         cstackBANK0  0028
___awtoft@sign                      cstackCOMMON 0075
___ftmul                            text26       05E3
___ftmul@cntr                       cstackBANK0  0039
___ftmul@exp                        cstackBANK0  0035
___ftmul@f1                         cstackBANK0  002B
___ftmul@f2                         cstackBANK0  002E
___ftmul@f3_as_product              cstackBANK0  0036
___ftmul@sign                       cstackBANK0  003A
___ftpack                           text28       0C6F
___ftpack@arg                       cstackBANK0  0020
___ftpack@exp                       cstackBANK0  0023
___ftpack@sign                      cstackBANK0  0024
___fttol                            text25       0D62
___fttol@exp1                       cstackBANK0  002D
___fttol@f1                         cstackBANK0  0020
___fttol@lval                       cstackBANK0  0029
___fttol@sign1                      cstackBANK0  0028
___int_sp                           stack        0000
___latbits                          (abs)        0002
___lwdiv                            text17       0A6D
___lwdiv@counter                    cstackBANK0  0024
___lwdiv@dividend                   cstackBANK0  0022
___lwdiv@divisor                    cstackBANK0  0020
___lwdiv@quotient                   cstackBANK0  0025
___lwtoft                           text24       0910
___lwtoft@c                         cstackBANK0  0028
___sp                               stack        0000
__end_of_ADC_IS_DONE                text34       08A4
__end_of_ADC_START                  text33       08B3
__end_of_ADC_VALUE                  text32       08C9
__end_of_ADC_notte_init             text31       0910
__end_of_ON_LED                     text22       0A6D
__end_of___awdiv                    text29       0BA6
__end_of___awtoft                   text27       09A6
__end_of___ftmul                    text26       06B6
__end_of___ftpack                   text28       0CDD
__end_of___fttol                    text25       0DF0
__end_of___lwdiv                    text17       0AAB
__end_of___lwtoft                   text24       0928
__end_of__initialization            cinit        0060
__end_of_buzzer_Start               text21       0981
__end_of_buzzer_Stop                text20       08BA
__end_of_buzzer_init                text19       08C1
__end_of_eeprom_Load                text8        07F4
__end_of_eeprom_Save                text5        0B4B
__end_of_eeprom_read                text9        095E
__end_of_eeprom_write               text6        09F6
__end_of_isr                        text35       09CC
__end_of_main                       maintext     0342
__end_of_millis                     text30       08F9
__end_of_out_SW1_SW2__ON            text18       0785
__end_of_out_init                   text15       0F3A
__end_of_out_mod1_SW4__OFF          text14       0C6F
__end_of_out_mod1_SW4__ON           text13       0D62
__end_of_out_toggle                 text12       1000
__end_of_pulsante_INIT_debounce     text2        0AFA
__end_of_pulsante_debounce          text11       05E3
__end_of_pulsanti_alldebounce_task  text10       0943
__end_of_read_modalita_SW4          text7        0800
__end_of_save_modalita_SW4          text4        08E4
__end_of_softPWM_Set                text23       0E88
__end_of_softPWM_init               text16       0A31
__end_of_softPWM_task               text3        050A
__end_of_switch_init                text1        0C04
__initialization                    cinit        0015
__pbssBANK0                         bssBANK0     0056
__pbssBANK1                         bssBANK1     00A0
__pbssBANK3                         bssBANK3     0190
__pbssCOMMON                        bssCOMMON    0076
__pcstackBANK0                      cstackBANK0  0020
__pcstackCOMMON                     cstackCOMMON 0070
__pdataBANK0                        dataBANK0    0052
__pdataBANK1                        dataBANK1    00E4
__pidataBANK0                       idataBANK0   08A8
__pidataBANK1                       idataBANK1   08A4
__pintentry                         intentry     0004
__pmaintext                         maintext     0064
__ptext1                            text1        0BA6
__ptext10                           text10       0928
__ptext11                           text11       050A
__ptext12                           text12       0F3A
__ptext13                           text13       0CDD
__ptext14                           text14       0C04
__ptext15                           text15       0E88
__ptext16                           text16       09F6
__ptext17                           text17       0A6D
__ptext18                           text18       06B6
__ptext19                           text19       08BA
__ptext2                            text2        0AAB
__ptext20                           text20       08B3
__ptext21                           text21       095E
__ptext22                           text22       0A31
__ptext23                           text23       0DF0
__ptext24                           text24       0910
__ptext25                           text25       0D62
__ptext26                           text26       05E3
__ptext27                           text27       0981
__ptext28                           text28       0C6F
__ptext29                           text29       0B4B
__ptext3                            text3        0342
__ptext30                           text30       08E4
__ptext31                           text31       08F9
__ptext32                           text32       08C1
__ptext33                           text33       08AC
__ptext34                           text34       08A0
__ptext35                           text35       09A6
__ptext4                            text4        08D1
__ptext5                            text5        0AFA
__ptext6                            text6        09CC
__ptext7                            text7        07F4
__ptext8                            text8        0785
__ptext9                            text9        0943
__size_of_ADC_IS_DONE               (abs)        0000
__size_of_ADC_START                 (abs)        0000
__size_of_ADC_VALUE                 (abs)        0000
__size_of_ADC_notte_init            (abs)        0000
__size_of_ON_LED                    (abs)        0000
__size_of___awdiv                   (abs)        0000
__size_of___awtoft                  (abs)        0000
__size_of___ftmul                   (abs)        0000
__size_of___ftpack                  (abs)        0000
__size_of___fttol                   (abs)        0000
__size_of___lwdiv                   (abs)        0000
__size_of___lwtoft                  (abs)        0000
__size_of_buzzer_Start              (abs)        0000
__size_of_buzzer_Stop               (abs)        0000
__size_of_buzzer_init               (abs)        0000
__size_of_eeprom_Load               (abs)        0000
__size_of_eeprom_Save               (abs)        0000
__size_of_eeprom_read               (abs)        0000
__size_of_eeprom_write              (abs)        0000
__size_of_isr                       (abs)        0000
__size_of_main                      (abs)        0000
__size_of_millis                    (abs)        0000
__size_of_out_SW1_SW2__ON           (abs)        0000
__size_of_out_init                  (abs)        0000
__size_of_out_mod1_SW4__OFF         (abs)        0000
__size_of_out_mod1_SW4__ON          (abs)        0000
__size_of_out_toggle                (abs)        0000
__size_of_pulsante_INIT_debounce    (abs)        0000
__size_of_pulsante_debounce         (abs)        0000
__size_of_pulsanti_alldebounce_task (abs)        0000
__size_of_read_modalita_SW4         (abs)        0000
__size_of_save_modalita_SW4         (abs)        0000
__size_of_softPWM_Set               (abs)        0000
__size_of_softPWM_init              (abs)        0000
__size_of_softPWM_task              (abs)        0000
__size_of_switch_init               (abs)        0000
_app                                bssBANK1     00A0
_buzzer_Start                       text21       095E
_buzzer_Stop                        text20       08B3
_buzzer_init                        text19       08BA
_conv16to8                          bssBANK0     0056
_eeprom_Load                        text8        0785
_eeprom_Save                        text5        0AFA
_eeprom_read                        text9        0943
_eeprom_write                       text6        09CC
_eepvar                             bssBANK0     0058
_isr                                text35       09A6
_main                               maintext     0064
_millis                             text30       08E4
_out_SW1_SW2__ON                    text18       06B6
_out_init                           text15       0E88
_out_mod1_SW4__OFF                  text14       0C04
_out_mod1_SW4__ON                   text13       0CDD
_out_toggle                         text12       0F3A
_output_P1                          bssBANK1     00DD
_output_P2                          bssBANK1     00D6
_output_P3                          bssBANK1     00CF
_output_P4                          bssBANK1     00C8
_outputs                            dataBANK0    0052
_pulsante_INIT_debounce             text2        0AAB
_pulsante_debounce                  text11       050A
_pulsanti                           dataBANK1    00E4
_pulsanti_alldebounce_task          text10       0928
_read_modalita_SW4                  text7        07F4
_save_modalita_SW4                  text4        08D1
_softPWM_Set                        text23       0DF0
_softPWM_init                       text16       09F6
_softPWM_task                       text3        0342
_soft_pwm                           bssBANK1     00B8
_switch_init                        text1        0BA6
_timer0_millis                      bssCOMMON    0076
btemp                               (abs)        007E
clear_ram0                          clrtext      08C9
eeprom_Load@checksum                cstackBANK0  0021
eeprom_Load@data                    cstackBANK0  0023
eeprom_Load@i                       cstackBANK0  0024
eeprom_Save@checksum                cstackBANK0  0022
eeprom_Save@data                    cstackBANK0  0024
eeprom_Save@i                       cstackBANK0  0025
eeprom_read@addr                    cstackCOMMON 0075
eeprom_write@addr                   cstackBANK0  0020
eeprom_write@value                  cstackCOMMON 0074
end_of_initialization               cinit        0060
interrupt_function                  intentry     0004
intlevel0                           functab      0000
intlevel1                           functab      0000
intlevel2                           functab      0000
intlevel3                           functab      0000
intlevel4                           functab      0000
intlevel5                           functab      0000
main@i                              cstackBANK0  0051
millis@m                            cstackBANK0  0024
out_SW1_SW2__ON@o1                  cstackCOMMON 0075
out_SW1_SW2__ON@o2                  cstackBANK0  0020
out_SW1_SW2__ON@pinmask             cstackCOMMON 0074
out_mod1_SW4__OFF@pinmask           cstackCOMMON 0074
out_mod1_SW4__OFF@v                 cstackCOMMON 0075
out_mod1_SW4__ON@pinmask            cstackCOMMON 0074
out_mod1_SW4__ON@v                  cstackCOMMON 0075
out_toggle@p                        cstackCOMMON 0075
out_toggle@pinmask                  cstackCOMMON 0074
pulsante_INIT_debounce@p            cstackBANK0  0025
pulsante_INIT_debounce@pinmask      cstackBANK0  0023
pulsante_INIT_debounce@value        cstackBANK0  0024
pulsante_debounce@p                 cstackBANK0  002E
pulsante_debounce@pinmask           cstackBANK0  002C
pulsante_debounce@value             cstackBANK0  002D
pulsanti_alldebounce_task@i         cstackBANK0  0031
pulsanti_alldebounce_task@size      cstackBANK0  002F
pulsanti_alldebounce_task@switchs   cstackBANK0  0030
reset_vec                           reset_vec    0000
save_modalita_SW4@modalita          cstackBANK0  0027
saved_w                             (abs)        007E
softPWM_Set@p                       cstackBANK0  0042
softPWM_Set@perc                    cstackBANK0  003B
softPWM_Set@spwm                    cstackBANK0  0048
softPWM_Set@t                       cstackBANK0  0045
softPWM_init@freq                   cstackBANK0  0049
softPWM_init@spwm                   cstackBANK0  004B
softPWM_task@pinmask                cstackCOMMON 0074
softPWM_task@spwm                   cstackCOMMON 0075
stackhi                             (abs)        0000
stacklo                             (abs)        0000
start                               init         0012
start_initialization                cinit        0015
wtemp0                              (abs)        007E


FUNCTION INFORMATION:

 *************** function _main *****************
 Defined at:
		line 61 in file "main.c"
 Parameters:    Size  Location     Type
		None
 Auto vars:     Size  Location     Type
  i               1   49[BANK0 ] unsigned char 
  temp            1    0        unsigned char 
 Return value:  Size  Location     Type
                  1    wreg      void 
 Registers used:
		wreg, fsr0l, fsr0h, status,2, status,0, pclath, cstack
 Tracked objects:
		On entry : 
		On exit  : 
		Unchanged: 
 Data sizes:     COMMON   BANK0   BANK1   BANK3   BANK2
      Params:         0       0       0       0       0
      Locals:         0       1       0       0       0
      Temps:          0       4       0       0       0
      Totals:         0       5       0       0       0
Total ram usage:        5 bytes
 Hardware stack levels required when called:    6
 This function calls:
		_ADC_IS_DONE
		_ADC_START
		_ADC_VALUE
		_ADC_notte_init
		_ON_LED
		_buzzer_Start
		_buzzer_Stop
		_buzzer_init
		_millis
		_out_SW1_SW2__ON
		_out_init
		_out_mod1_SW4__OFF
		_out_mod1_SW4__ON
		_out_toggle
		_pulsanti_alldebounce_task
		_read_modalita_SW4
		_save_modalita_SW4
		_softPWM_Set
		_softPWM_task
		_switch_init
 This function is called by:
		Startup code after reset
 This function uses a non-reentrant model


 *************** function _switch_init *****************
 Defined at:
		line 31 in file "application.c"
 Parameters:    Size  Location     Type
		None
 Auto vars:     Size  Location     Type
		None
 Return value:  Size  Location     Type
                  1    wreg      void 
 Registers used:
		wreg, fsr0l, fsr0h, status,2, status,0, pclath, cstack
 Tracked objects:
		On entry : 
		On exit  : 
		Unchanged: 
 Data sizes:     COMMON   BANK0   BANK1   BANK3   BANK2
      Params:         0       0       0       0       0
      Locals:         0       0       0       0       0
      Temps:          2       0       0       0       0
      Totals:         2       0       0       0       0
Total ram usage:        2 bytes
 Hardware stack levels used:    1
 Hardware stack levels required when called:    2
 This function calls:
		_pulsante_INIT_debounce
 This function is called by:
		_main
 This function uses a non-reentrant model


 *************** function _pulsante_INIT_debounce *****************
 Defined at:
		line 4 in file "switch.c"
 Parameters:    Size  Location     Type
  p               1    wreg     PTR struct SWITCH
		 -> P4_GIALLO(19), P3_BLU(19), P2_BLU(19), P1_ROSSO(19), 
 Auto vars:     Size  Location     Type
  p               1    5[BANK0 ] PTR struct SWITCH
		 -> P4_GIALLO(19), P3_BLU(19), P2_BLU(19), P1_ROSSO(19), 
  value           1    4[BANK0 ] unsigned char 
  pinmask         1    3[BANK0 ] unsigned char 
 Return value:  Size  Location     Type
                  1    wreg      void 
 Registers used:
		wreg, fsr0l, fsr0h, status,2, status,0
 Tracked objects:
		On entry : 
		On exit  : 
		Unchanged: 
 Data sizes:     COMMON   BANK0   BANK1   BANK3   BANK2
      Params:         0       0       0       0       0
      Locals:         0       3       0       0       0
      Temps:          0       3       0       0       0
      Totals:         0       6       0       0       0
Total ram usage:        6 bytes
 Hardware stack levels used:    1
 Hardware stack levels required when called:    1
 This function calls:
		Nothing
 This function is called by:
		_switch_init
 This function uses a non-reentrant model


 *************** function _softPWM_task *****************
 Defined at:
		line 29 in file "softPWM.c"
 Parameters:    Size  Location     Type
  spwm            1    wreg     PTR struct SOFT_PWM
		 -> soft_pwm(16), 
 Auto vars:     Size  Location     Type
  spwm            1    5[COMMON] PTR struct SOFT_PWM
		 -> soft_pwm(16), 
  pinmask         1    4[COMMON] unsigned char 
 Return value:  Size  Location     Type
                  1    wreg      void 
 Registers used:
		wreg, fsr0l, fsr0h, status,2, status,0, pclath, cstack
 Tracked objects:
		On entry : 
		On exit  : 
		Unchanged: 
 Data sizes:     COMMON   BANK0   BANK1   BANK3   BANK2
      Params:         0       0       0       0       0
      Locals:         2       0       0       0       0
      Temps:          0      10       0       0       0
      Totals:         2      10       0       0       0
Total ram usage:       12 bytes
 Hardware stack levels used:    1
 Hardware stack levels required when called:    2
 This function calls:
		_millis
 This function is called by:
		_main
 This function uses a non-reentrant model


 *************** function _save_modalita_SW4 *****************
 Defined at:
		line 257 in file "application.c"
 Parameters:    Size  Location     Type
  modalita        1    wreg     unsigned char 
 Auto vars:     Size  Location     Type
  modalita        1    7[BANK0 ] unsigned char 
 Return value:  Size  Location     Type
                  1    wreg      void 
 Registers used:
		wreg, fsr0l, fsr0h, status,2, status,0, pclath, cstack
 Tracked objects:
		On entry : 
		On exit  : 
		Unchanged: 
 Data sizes:     COMMON   BANK0   BANK1   BANK3   BANK2
      Params:         0       0       0       0       0
      Locals:         0       1       0       0       0
      Temps:          0       0       0       0       0
      Totals:         0       1       0       0       0
Total ram usage:        1 bytes
 Hardware stack levels used:    1
 Hardware stack levels required when called:    3
 This function calls:
		_eeprom_Save
 This function is called by:
		_main
 This function uses a non-reentrant model


 *************** function _eeprom_Save *****************
 Defined at:
		line 41 in file "saveEEPROM.c"
 Parameters:    Size  Location     Type
		None
 Auto vars:     Size  Location     Type
  i               2    5[BANK0 ] unsigned int 
  checksum        2    2[BANK0 ] unsigned int 
  data            1    4[BANK0 ] unsigned char 
 Return value:  Size  Location     Type
                  1    wreg      void 
 Registers used:
		wreg, fsr0l, fsr0h, status,2, status,0, pclath, cstack
 Tracked objects:
		On entry : 
		On exit  : 
		Unchanged: 
 Data sizes:     COMMON   BANK0   BANK1   BANK3   BANK2
      Params:         0       0       0       0       0
      Locals:         0       5       0       0       0
      Temps:          0       1       0       0       0
      Totals:         0       6       0       0       0
Total ram usage:        6 bytes
 Hardware stack levels used:    1
 Hardware stack levels required when called:    2
 This function calls:
		_eeprom_write
 This function is called by:
		_save_modalita_SW4
 This function uses a non-reentrant model


 *************** function _eeprom_write *****************
 Defined at:
		line 6 in file "C:\Program Files (x86)\Microchip\xc8\v1.42\sources\pic\eewrite.c"
 Parameters:    Size  Location     Type
  addr            1    wreg     unsigned char 
  value           1    4[COMMON] unsigned char 
 Auto vars:     Size  Location     Type
  addr            1    0[BANK0 ] unsigned char 
 Return value:  Size  Location     Type
                  1    wreg      void 
 Registers used:
		wreg, status,2, status,0
 Tracked objects:
		On entry : 
		On exit  : 
		Unchanged: 
 Data sizes:     COMMON   BANK0   BANK1   BANK3   BANK2
      Params:         1       0       0       0       0
      Locals:         0       1       0       0       0
      Temps:          1       0       0       0       0
      Totals:         2       1       0       0       0
Total ram usage:        3 bytes
 Hardware stack levels used:    1
 Hardware stack levels required when called:    1
 This function calls:
		Nothing
 This function is called by:
		_eeprom_Save
 This function uses a non-reentrant model


 *************** function _read_modalita_SW4 *****************
 Defined at:
		line 251 in file "application.c"
 Parameters:    Size  Location     Type
		None
 Auto vars:     Size  Location     Type
		None
 Return value:  Size  Location     Type
                  1    wreg      void 
 Registers used:
		wreg, fsr0l, fsr0h, status,2, status,0, pclath, cstack
 Tracked objects:
		On entry : 
		On exit  : 
		Unchanged: 
 Data sizes:     COMMON   BANK0   BANK1   BANK3   BANK2
      Params:         0       0       0       0       0
      Locals:         0       0       0       0       0
      Temps:          0       0       0       0       0
      Totals:         0       0       0       0       0
Total ram usage:        0 bytes
 Hardware stack levels used:    1
 Hardware stack levels required when called:    3
 This function calls:
		_eeprom_Load
 This function is called by:
		_main
 This function uses a non-reentrant model


 *************** function _eeprom_Load *****************
 Defined at:
		line 18 in file "saveEEPROM.c"
 Parameters:    Size  Location     Type
		None
 Auto vars:     Size  Location     Type
  i               2    4[BANK0 ] unsigned int 
  checksum        2    1[BANK0 ] unsigned int 
  data            1    3[BANK0 ] unsigned char 
 Return value:  Size  Location     Type
                  1    wreg      unsigned char 
 Registers used:
		wreg, fsr0l, fsr0h, status,2, status,0, pclath, cstack
 Tracked objects:
		On entry : 
		On exit  : 
		Unchanged: 
 Data sizes:     COMMON   BANK0   BANK1   BANK3   BANK2
      Params:         0       0       0       0       0
      Locals:         0       5       0       0       0
      Temps:          0       1       0       0       0
      Totals:         0       6       0       0       0
Total ram usage:        6 bytes
 Hardware stack levels used:    1
 Hardware stack levels required when called:    2
 This function calls:
		_eeprom_read
 This function is called by:
		_read_modalita_SW4
 This function uses a non-reentrant model


 *************** function _eeprom_read *****************
 Defined at:
		line 6 in file "C:\Program Files (x86)\Microchip\xc8\v1.42\sources\pic\eeread.c"
 Parameters:    Size  Location     Type
  addr            1    wreg     unsigned char 
 Auto vars:     Size  Location     Type
  addr            1    5[COMMON] unsigned char 
 Return value:  Size  Location     Type
                  1    wreg      unsigned char 
 Registers used:
		wreg, status,2, status,0
 Tracked objects:
		On entry : 
		On exit  : 
		Unchanged: 
 Data sizes:     COMMON   BANK0   BANK1   BANK3   BANK2
      Params:         0       0       0       0       0
      Locals:         1       0       0       0       0
      Temps:          1       0       0       0       0
      Totals:         2       0       0       0       0
Total ram usage:        2 bytes
 Hardware stack levels used:    1
 Hardware stack levels required when called:    1
 This function calls:
		Nothing
 This function is called by:
		_eeprom_Load
 This function uses a non-reentrant model


 *************** function _pulsanti_alldebounce_task *****************
 Defined at:
		line 22 in file "switch.c"
 Parameters:    Size  Location     Type
  switchs         1    wreg     PTR PTR struct SWITCH
		 -> pulsanti(4), 
  size            1   15[BANK0 ] unsigned char 
 Auto vars:     Size  Location     Type
  switchs         1   16[BANK0 ] PTR PTR struct SWITCH
		 -> pulsanti(4), 
  i               1   17[BANK0 ] unsigned char 
 Return value:  Size  Location     Type
                  1    wreg      void 
 Registers used:
		wreg, fsr0l, fsr0h, status,2, status,0, pclath, cstack
 Tracked objects:
		On entry : 
		On exit  : 
		Unchanged: 
 Data sizes:     COMMON   BANK0   BANK1   BANK3   BANK2
      Params:         0       1       0       0       0
      Locals:         0       2       0       0       0
      Temps:          1       0       0       0       0
      Totals:         1       3       0       0       0
Total ram usage:        4 bytes
 Hardware stack levels used:    1
 Hardware stack levels required when called:    3
 This function calls:
		_pulsante_debounce
 This function is called by:
		_main
 This function uses a non-reentrant model


 *************** function _pulsante_debounce *****************
 Defined at:
		line 32 in file "switch.c"
 Parameters:    Size  Location     Type
  p               1    wreg     PTR struct SWITCH
		 -> P4_GIALLO(19), P3_BLU(19), P2_BLU(19), P1_ROSSO(19), 
 Auto vars:     Size  Location     Type
  p               1   14[BANK0 ] PTR struct SWITCH
		 -> P4_GIALLO(19), P3_BLU(19), P2_BLU(19), P1_ROSSO(19), 
  value           1   13[BANK0 ] unsigned char 
  pinmask         1   12[BANK0 ] unsigned char 
 Return value:  Size  Location     Type
                  1    wreg      void 
 Registers used:
		wreg, fsr0l, fsr0h, status,2, status,0, pclath, cstack
 Tracked objects:
		On entry : 
		On exit  : 
		Unchanged: 
 Data sizes:     COMMON   BANK0   BANK1   BANK3   BANK2
      Params:         0       0       0       0       0
      Locals:         0       3       0       0       0
      Temps:          0       4       0       0       0
      Totals:         0       7       0       0       0
Total ram usage:        7 bytes
 Hardware stack levels used:    1
 Hardware stack levels required when called:    2
 This function calls:
		_millis
 This function is called by:
		_pulsanti_alldebounce_task
 This function uses a non-reentrant model


 *************** function _out_toggle *****************
 Defined at:
		line 156 in file "application.c"
 Parameters:    Size  Location     Type
  p               1    wreg     PTR struct OUTPUT
		 -> output_P4(7), output_P3(7), output_P2(7), output_P1(7), 
 Auto vars:     Size  Location     Type
  p               1    5[COMMON] PTR struct OUTPUT
		 -> output_P4(7), output_P3(7), output_P2(7), output_P1(7), 
  pinmask         1    4[COMMON] unsigned char 
  value           1    0        unsigned char 
 Return value:  Size  Location     Type
                  1    wreg      void 
 Registers used:
		wreg, fsr0l, fsr0h, status,2, status,0
 Tracked objects:
		On entry : 
		On exit  : 
		Unchanged: 
 Data sizes:     COMMON   BANK0   BANK1   BANK3   BANK2
      Params:         0       0       0       0       0
      Locals:         2       0       0       0       0
      Temps:          0       5       0       0       0
      Totals:         2       5       0       0       0
Total ram usage:        7 bytes
 Hardware stack levels used:    1
 Hardware stack levels required when called:    1
 This function calls:
		Nothing
 This function is called by:
		_main
 This function uses a non-reentrant model


 *************** function _out_mod1_SW4__ON *****************
 Defined at:
		line 211 in file "application.c"
 Parameters:    Size  Location     Type
  v               1    wreg     PTR struct OUTPUT
		 -> output_P4(7), output_P3(7), output_P2(7), output_P1(7), 
 Auto vars:     Size  Location     Type
  v               1    5[COMMON] PTR struct OUTPUT
		 -> output_P4(7), output_P3(7), output_P2(7), output_P1(7), 
  pinmask         1    4[COMMON] unsigned char 
 Return value:  Size  Location     Type
                  1    wreg      void 
 Registers used:
		wreg, fsr0l, fsr0h, status,2, status,0, pclath, cstack
 Tracked objects:
		On entry : 
		On exit  : 
		Unchanged: 
 Data sizes:     COMMON   BANK0   BANK1   BANK3   BANK2
      Params:         0       0       0       0       0
      Locals:         2       0       0       0       0
      Temps:          0       5       0       0       0
      Totals:         2       5       0       0       0
Total ram usage:        7 bytes
 Hardware stack levels used:    1
 Hardware stack levels required when called:    2
 This function calls:
		_millis
 This function is called by:
		_main
 This function uses a non-reentrant model


 *************** function _out_mod1_SW4__OFF *****************
 Defined at:
		line 227 in file "application.c"
 Parameters:    Size  Location     Type
  v               1    wreg     PTR struct OUTPUT
		 -> output_P4(7), output_P3(7), output_P2(7), output_P1(7), 
 Auto vars:     Size  Location     Type
  v               1    5[COMMON] PTR struct OUTPUT
		 -> output_P4(7), output_P3(7), output_P2(7), output_P1(7), 
  pinmask         1    4[COMMON] unsigned char 
 Return value:  Size  Location     Type
                  1    wreg      void 
 Registers used:
		wreg, fsr0l, fsr0h, status,2, status,0
 Tracked objects:
		On entry : 
		On exit  : 
		Unchanged: 
 Data sizes:     COMMON   BANK0   BANK1   BANK3   BANK2
      Params:         0       0       0       0       0
      Locals:         2       0       0       0       0
      Temps:          0       5       0       0       0
      Totals:         2       5       0       0       0
Total ram usage:        7 bytes
 Hardware stack levels used:    1
 Hardware stack levels required when called:    1
 This function calls:
		Nothing
 This function is called by:
		_main
 This function uses a non-reentrant model


 *************** function _out_init *****************
 Defined at:
		line 99 in file "application.c"
 Parameters:    Size  Location     Type
		None
 Auto vars:     Size  Location     Type
		None
 Return value:  Size  Location     Type
                  1    wreg      void 
 Registers used:
		wreg, fsr0l, fsr0h, status,2, status,0, pclath, cstack
 Tracked objects:
		On entry : 
		On exit  : 
		Unchanged: 
 Data sizes:     COMMON   BANK0   BANK1   BANK3   BANK2
      Params:         0       0       0       0       0
      Locals:         0       0       0       0       0
      Temps:          0       1       0       0       0
      Totals:         0       1       0       0       0
Total ram usage:        1 bytes
 Hardware stack levels used:    1
 Hardware stack levels required when called:    5
 This function calls:
		_softPWM_init
 This function is called by:
		_main
 This function uses a non-reentrant model


 *************** function _softPWM_init *****************
 Defined at:
		line 11 in file "softPWM.c"
 Parameters:    Size  Location     Type
  spwm            1    wreg     PTR struct SOFT_PWM
		 -> soft_pwm(16), 
  freq            2   41[BANK0 ] unsigned int 
 Auto vars:     Size  Location     Type
  spwm            1   43[BANK0 ] PTR struct SOFT_PWM
		 -> soft_pwm(16), 
 Return value:  Size  Location     Type
                  1    wreg      void 
 Registers used:
		wreg, fsr0l, fsr0h, status,2, status,0, pclath, cstack
 Tracked objects:
		On entry : 
		On exit  : 
		Unchanged: 
 Data sizes:     COMMON   BANK0   BANK1   BANK3   BANK2
      Params:         0       2       0       0       0
      Locals:         0       1       0       0       0
      Temps:          0       0       0       0       0
      Totals:         0       3       0       0       0
Total ram usage:        3 bytes
 Hardware stack levels used:    1
 Hardware stack levels required when called:    4
 This function calls:
		___lwdiv
		_millis
		_softPWM_Set
 This function is called by:
		_out_init
 This function uses a non-reentrant model


 *************** function ___lwdiv *****************
 Defined at:
		line 6 in file "C:\Program Files (x86)\Microchip\xc8\v1.42\sources\common\lwdiv.c"
 Parameters:    Size  Location     Type
  divisor         2    0[BANK0 ] unsigned int 
  dividend        2    2[BANK0 ] unsigned int 
 Auto vars:     Size  Location     Type
  quotient        2    5[BANK0 ] unsigned int 
  counter         1    4[BANK0 ] unsigned char 
 Return value:  Size  Location     Type
                  2    0[BANK0 ] unsigned int 
 Registers used:
		wreg, status,2, status,0
 Tracked objects:
		On entry : 
		On exit  : 
		Unchanged: 
 Data sizes:     COMMON   BANK0   BANK1   BANK3   BANK2
      Params:         0       4       0       0       0
      Locals:         0       3       0       0       0
      Temps:          1       0       0       0       0
      Totals:         1       7       0       0       0
Total ram usage:        8 bytes
 Hardware stack levels used:    1
 Hardware stack levels required when called:    1
 This function calls:
		Nothing
 This function is called by:
		_softPWM_init
 This function uses a non-reentrant model


 *************** function _out_SW1_SW2__ON *****************
 Defined at:
		line 186 in file "application.c"
 Parameters:    Size  Location     Type
  o1              1    wreg     PTR struct OUTPUT
		 -> output_P4(7), output_P3(7), output_P2(7), output_P1(7), 
  o2              1    0[BANK0 ] PTR struct OUTPUT
		 -> output_P4(7), output_P3(7), output_P2(7), output_P1(7), 
 Auto vars:     Size  Location     Type
  o1              1    5[COMMON] PTR struct OUTPUT
		 -> output_P4(7), output_P3(7), output_P2(7), output_P1(7), 
  pinmask         1    4[COMMON] unsigned char 
  value           1    0        unsigned char 
 Return value:  Size  Location     Type
                  1    wreg      void 
 Registers used:
		wreg, fsr0l, fsr0h, status,2, status,0
 Tracked objects:
		On entry : 
		On exit  : 
		Unchanged: 
 Data sizes:     COMMON   BANK0   BANK1   BANK3   BANK2
      Params:         0       1       0       0       0
      Locals:         2       0       0       0       0
      Temps:          0       5       0       0       0
      Totals:         2       6       0       0       0
Total ram usage:        8 bytes
 Hardware stack levels used:    1
 Hardware stack levels required when called:    1
 This function calls:
		Nothing
 This function is called by:
		_main
 This function uses a non-reentrant model


 *************** function _buzzer_init *****************
 Defined at:
		line 60 in file "application.c"
 Parameters:    Size  Location     Type
		None
 Auto vars:     Size  Location     Type
		None
 Return value:  Size  Location     Type
                  1    wreg      void 
 Registers used:
		None
 Tracked objects:
		On entry : 
		On exit  : 
		Unchanged: 
 Data sizes:     COMMON   BANK0   BANK1   BANK3   BANK2
      Params:         0       0       0       0       0
      Locals:         0       0       0       0       0
      Temps:          0       0       0       0       0
      Totals:         0       0       0       0       0
Total ram usage:        0 bytes
 Hardware stack levels used:    1
 Hardware stack levels required when called:    1
 This function calls:
		Nothing
 This function is called by:
		_main
 This function uses a non-reentrant model


 *************** function _buzzer_Stop *****************
 Defined at:
		line 70 in file "application.c"
 Parameters:    Size  Location     Type
		None
 Auto vars:     Size  Location     Type
		None
 Return value:  Size  Location     Type
                  1    wreg      void 
 Registers used:
		status,2
 Tracked objects:
		On entry : 
		On exit  : 
		Unchanged: 
 Data sizes:     COMMON   BANK0   BANK1   BANK3   BANK2
      Params:         0       0       0       0       0
      Locals:         0       0       0       0       0
      Temps:          0       0       0       0       0
      Totals:         0       0       0       0       0
Total ram usage:        0 bytes
 Hardware stack levels used:    1
 Hardware stack levels required when called:    1
 This function calls:
		Nothing
 This function is called by:
		_main
 This function uses a non-reentrant model


 *************** function _buzzer_Start *****************
 Defined at:
		line 65 in file "application.c"
 Parameters:    Size  Location     Type
		None
 Auto vars:     Size  Location     Type
		None
 Return value:  Size  Location     Type
                  1    wreg      void 
 Registers used:
		wreg, pclath, cstack
 Tracked objects:
		On entry : 
		On exit  : 
		Unchanged: 
 Data sizes:     COMMON   BANK0   BANK1   BANK3   BANK2
      Params:         0       0       0       0       0
      Locals:         0       0       0       0       0
      Temps:          0       0       0       0       0
      Totals:         0       0       0       0       0
Total ram usage:        0 bytes
 Hardware stack levels used:    1
 Hardware stack levels required when called:    2
 This function calls:
		_millis
 This function is called by:
		_main
 This function uses a non-reentrant model


 *************** function _ON_LED *****************
 Defined at:
		line 238 in file "application.c"
 Parameters:    Size  Location     Type
  state           1    wreg     unsigned char 
 Auto vars:     Size  Location     Type
  state           1   42[BANK0 ] unsigned char 
 Return value:  Size  Location     Type
                  1    wreg      void 
 Registers used:
		wreg, fsr0l, fsr0h, status,2, status,0, pclath, cstack
 Tracked objects:
		On entry : 
		On exit  : 
		Unchanged: 
 Data sizes:     COMMON   BANK0   BANK1   BANK3   BANK2
      Params:         0       0       0       0       0
      Locals:         0       1       0       0       0
      Temps:          0       1       0       0       0
      Totals:         0       2       0       0       0
Total ram usage:        2 bytes
 Hardware stack levels used:    1
 Hardware stack levels required when called:    4
 This function calls:
		_millis
		_softPWM_Set
 This function is called by:
		_main
 This function uses a non-reentrant model


 *************** function _softPWM_Set *****************
 Defined at:
		line 18 in file "softPWM.c"
 Parameters:    Size  Location     Type
  spwm            1    wreg     PTR struct SOFT_PWM
		 -> soft_pwm(16), 
  perc            1   27[BANK0 ] unsigned char 
 Auto vars:     Size  Location     Type
  spwm            1   40[BANK0 ] PTR struct SOFT_PWM
		 -> soft_pwm(16), 
  t               3   37[BANK0 ] float 
  p               3   34[BANK0 ] float 
 Return value:  Size  Location     Type
                  1    wreg      void 
 Registers used:
		wreg, fsr0l, fsr0h, status,2, status,0, pclath, cstack
 Tracked objects:
		On entry : 
		On exit  : 
		Unchanged: 
 Data sizes:     COMMON   BANK0   BANK1   BANK3   BANK2
      Params:         0       1       0       0       0
      Locals:         0       7       0       0       0
      Temps:          0       6       0       0       0
      Totals:         0      14       0       0       0
Total ram usage:       14 bytes
 Hardware stack levels used:    1
 Hardware stack levels required when called:    3
 This function calls:
		___awdiv
		___awtoft
		___ftmul
		___fttol
		___lwtoft
 This function is called by:
		_main
		_ON_LED
		_softPWM_init
 This function uses a non-reentrant model


 *************** function ___lwtoft *****************
 Defined at:
		line 28 in file "C:\Program Files (x86)\Microchip\xc8\v1.42\sources\common\lwtoft.c"
 Parameters:    Size  Location     Type
  c               2    8[BANK0 ] unsigned int 
 Auto vars:     Size  Location     Type
		None
 Return value:  Size  Location     Type
                  3    8[BANK0 ] float 
 Registers used:
		wreg, status,2, status,0, pclath, cstack
 Tracked objects:
		On entry : 
		On exit  : 
		Unchanged: 
 Data sizes:     COMMON   BANK0   BANK1   BANK3   BANK2
      Params:         0       3       0       0       0
      Locals:         0       0       0       0       0
      Temps:          1       0       0       0       0
      Totals:         1       3       0       0       0
Total ram usage:        4 bytes
 Hardware stack levels used:    1
 Hardware stack levels required when called:    2
 This function calls:
		___ftpack
 This function is called by:
		_softPWM_Set
 This function uses a non-reentrant model


 *************** function ___fttol *****************
 Defined at:
		line 44 in file "C:\Program Files (x86)\Microchip\xc8\v1.42\sources\common\fttol.c"
 Parameters:    Size  Location     Type
  f1              3    0[BANK0 ] float 
 Auto vars:     Size  Location     Type
  lval            4    9[BANK0 ] unsigned long 
  exp1            1   13[BANK0 ] unsigned char 
  sign1           1    8[BANK0 ] unsigned char 
 Return value:  Size  Location     Type
                  4    0[BANK0 ] long 
 Registers used:
		wreg, status,2, status,0
 Tracked objects:
		On entry : 
		On exit  : 
		Unchanged: 
 Data sizes:     COMMON   BANK0   BANK1   BANK3   BANK2
      Params:         0       4       0       0       0
      Locals:         0       6       0       0       0
      Temps:          0       4       0       0       0
      Totals:         0      14       0       0       0
Total ram usage:       14 bytes
 Hardware stack levels used:    1
 Hardware stack levels required when called:    1
 This function calls:
		Nothing
 This function is called by:
		_softPWM_Set
 This function uses a non-reentrant model


 *************** function ___ftmul *****************
 Defined at:
		line 62 in file "C:\Program Files (x86)\Microchip\xc8\v1.42\sources\common\ftmul.c"
 Parameters:    Size  Location     Type
  f1              3   11[BANK0 ] float 
  f2              3   14[BANK0 ] float 
 Auto vars:     Size  Location     Type
  f3_as_produc    3   22[BANK0 ] unsigned um
  sign            1   26[BANK0 ] unsigned char 
  cntr            1   25[BANK0 ] unsigned char 
  exp             1   21[BANK0 ] unsigned char 
 Return value:  Size  Location     Type
                  3   11[BANK0 ] float 
 Registers used:
		wreg, status,2, status,0, pclath, cstack
 Tracked objects:
		On entry : 
		On exit  : 
		Unchanged: 
 Data sizes:     COMMON   BANK0   BANK1   BANK3   BANK2
      Params:         0       6       0       0       0
      Locals:         0       6       0       0       0
      Temps:          0       4       0       0       0
      Totals:         0      16       0       0       0
Total ram usage:       16 bytes
 Hardware stack levels used:    1
 Hardware stack levels required when called:    2
 This function calls:
		___ftpack
 This function is called by:
		_softPWM_Set
 This function uses a non-reentrant model


 *************** function ___awtoft *****************
 Defined at:
		line 32 in file "C:\Program Files (x86)\Microchip\xc8\v1.42\sources\common\awtoft.c"
 Parameters:    Size  Location     Type
  c               2    8[BANK0 ] int 
 Auto vars:     Size  Location     Type
  sign            1    5[COMMON] unsigned char 
 Return value:  Size  Location     Type
                  3    8[BANK0 ] float 
 Registers used:
		wreg, status,2, status,0, pclath, cstack
 Tracked objects:
		On entry : 
		On exit  : 
		Unchanged: 
 Data sizes:     COMMON   BANK0   BANK1   BANK3   BANK2
      Params:         0       3       0       0       0
      Locals:         1       0       0       0       0
      Temps:          0       2       0       0       0
      Totals:         1       5       0       0       0
Total ram usage:        6 bytes
 Hardware stack levels used:    1
 Hardware stack levels required when called:    2
 This function calls:
		___ftpack
 This function is called by:
		_softPWM_Set
 This function uses a non-reentrant model


 *************** function ___ftpack *****************
 Defined at:
		line 62 in file "C:\Program Files (x86)\Microchip\xc8\v1.42\sources\common\float.c"
 Parameters:    Size  Location     Type
  arg             3    0[BANK0 ] unsigned um
  exp             1    3[BANK0 ] unsigned char 
  sign            1    4[BANK0 ] unsigned char 
 Auto vars:     Size  Location     Type
		None
 Return value:  Size  Location     Type
                  3    0[BANK0 ] float 
 Registers used:
		wreg, status,2, status,0
 Tracked objects:
		On entry : 
		On exit  : 
		Unchanged: 
 Data sizes:     COMMON   BANK0   BANK1   BANK3   BANK2
      Params:         0       5       0       0       0
      Locals:         0       0       0       0       0
      Temps:          0       3       0       0       0
      Totals:         0       8       0       0       0
Total ram usage:        8 bytes
 Hardware stack levels used:    1
 Hardware stack levels required when called:    1
 This function calls:
		Nothing
 This function is called by:
		___awtoft
		___ftmul
		___lwtoft
 This function uses a non-reentrant model


 *************** function ___awdiv *****************
 Defined at:
		line 6 in file "C:\Program Files (x86)\Microchip\xc8\v1.42\sources\common\awdiv.c"
 Parameters:    Size  Location     Type
  divisor         2    0[BANK0 ] int 
  dividend        2    2[BANK0 ] int 
 Auto vars:     Size  Location     Type
  quotient        2    6[BANK0 ] int 
  sign            1    5[BANK0 ] unsigned char 
  counter         1    4[BANK0 ] unsigned char 
 Return value:  Size  Location     Type
                  2    0[BANK0 ] int 
 Registers used:
		wreg, status,2, status,0
 Tracked objects:
		On entry : 
		On exit  : 
		Unchanged: 
 Data sizes:     COMMON   BANK0   BANK1   BANK3   BANK2
      Params:         0       4       0       0       0
      Locals:         0       4       0       0       0
      Temps:          1       0       0       0       0
      Totals:         1       8       0       0       0
Total ram usage:        9 bytes
 Hardware stack levels used:    1
 Hardware stack levels required when called:    1
 This function calls:
		Nothing
 This function is called by:
		_softPWM_Set
 This function uses a non-reentrant model


 *************** function _millis *****************
 Defined at:
		line 5 in file "varie.c"
 Parameters:    Size  Location     Type
		None
 Auto vars:     Size  Location     Type
  m               4    4[BANK0 ] unsigned long 
 Return value:  Size  Location     Type
                  4    0[BANK0 ] unsigned long 
 Registers used:
		wreg
 Tracked objects:
		On entry : 
		On exit  : 
		Unchanged: 
 Data sizes:     COMMON   BANK0   BANK1   BANK3   BANK2
      Params:         0       4       0       0       0
      Locals:         0       4       0       0       0
      Temps:          0       0       0       0       0
      Totals:         0       8       0       0       0
Total ram usage:        8 bytes
 Hardware stack levels used:    1
 Hardware stack levels required when called:    1
 This function calls:
		Nothing
 This function is called by:
		_main
		_pulsante_debounce
		_buzzer_Start
		_out_mod1_SW4__ON
		_ON_LED
		_softPWM_init
		_softPWM_task
 This function uses a non-reentrant model


 *************** function _ADC_notte_init *****************
 Defined at:
		line 75 in file "application.c"
 Parameters:    Size  Location     Type
		None
 Auto vars:     Size  Location     Type
		None
 Return value:  Size  Location     Type
                  1    wreg      void 
 Registers used:
		wreg, status,2, status,0
 Tracked objects:
		On entry : 
		On exit  : 
		Unchanged: 
 Data sizes:     COMMON   BANK0   BANK1   BANK3   BANK2
      Params:         0       0       0       0       0
      Locals:         0       0       0       0       0
      Temps:          0       0       0       0       0
      Totals:         0       0       0       0       0
Total ram usage:        0 bytes
 Hardware stack levels used:    1
 Hardware stack levels required when called:    1
 This function calls:
		Nothing
 This function is called by:
		_main
 This function uses a non-reentrant model


 *************** function _ADC_VALUE *****************
 Defined at:
		line 93 in file "application.c"
 Parameters:    Size  Location     Type
		None
 Auto vars:     Size  Location     Type
  adcva           1    5[COMMON] unsigned char 
 Return value:  Size  Location     Type
                  1    wreg      unsigned char 
 Registers used:
		wreg
 Tracked objects:
		On entry : 
		On exit  : 
		Unchanged: 
 Data sizes:     COMMON   BANK0   BANK1   BANK3   BANK2
      Params:         0       0       0       0       0
      Locals:         1       0       0       0       0
      Temps:          1       0       0       0       0
      Totals:         2       0       0       0       0
Total ram usage:        2 bytes
 Hardware stack levels used:    1
 Hardware stack levels required when called:    1
 This function calls:
		Nothing
 This function is called by:
		_main
 This function uses a non-reentrant model


 *************** function _ADC_START *****************
 Defined at:
		line 89 in file "application.c"
 Parameters:    Size  Location     Type
		None
 Auto vars:     Size  Location     Type
		None
 Return value:  Size  Location     Type
                  1    wreg      void 
 Registers used:
		status,2
 Tracked objects:
		On entry : 
		On exit  : 
		Unchanged: 
 Data sizes:     COMMON   BANK0   BANK1   BANK3   BANK2
      Params:         0       0       0       0       0
      Locals:         0       0       0       0       0
      Temps:          0       0       0       0       0
      Totals:         0       0       0       0       0
Total ram usage:        0 bytes
 Hardware stack levels used:    1
 Hardware stack levels required when called:    1
 This function calls:
		Nothing
 This function is called by:
		_main
 This function uses a non-reentrant model


 *************** function _ADC_IS_DONE *****************
 Defined at:
		line 86 in file "application.c"
 Parameters:    Size  Location     Type
		None
 Auto vars:     Size  Location     Type
		None
 Return value:  Size  Location     Type
                  1    wreg      unsigned char 
 Registers used:
		wreg
 Tracked objects:
		On entry : 
		On exit  : 
		Unchanged: 
 Data sizes:     COMMON   BANK0   BANK1   BANK3   BANK2
      Params:         0       0       0       0       0
      Locals:         0       0       0       0       0
      Temps:          0       0       0       0       0
      Totals:         0       0       0       0       0
Total ram usage:        0 bytes
 Hardware stack levels used:    1
 Hardware stack levels required when called:    1
 This function calls:
		Nothing
 This function is called by:
		_main
 This function uses a non-reentrant model


 *************** function _isr *****************
 Defined at:
		line 8 in file "isr.c"
 Parameters:    Size  Location     Type
		None
 Auto vars:     Size  Location     Type
		None
 Return value:  Size  Location     Type
                  1    wreg      void 
 Registers used:
		wreg
 Tracked objects:
		On entry : 
		On exit  : 
		Unchanged: 
 Data sizes:     COMMON   BANK0   BANK1   BANK3   BANK2
      Params:         0       0       0       0       0
      Locals:         0       0       0       0       0
      Temps:          4       0       0       0       0
      Totals:         4       0       0       0       0
Total ram usage:        4 bytes
 Hardware stack levels used:    1
 This function calls:
		Nothing
 This function is called by:
		Interrupt level 1
 This function uses a non-reentrant model



MODULE INFORMATION

Module		Function		Class		Link	Load	Size
C:\Program Files (x86)\Microchip\xc8\v1.42\sources\common\ftmul.c
		___ftmul       		CODE           	05E3	0000	212

C:\Program Files (x86)\Microchip\xc8\v1.42\sources\common\ftmul.c estimated size: 212

C:\Program Files (x86)\Microchip\xc8\v1.42\sources\common\lwdiv.c
		___lwdiv       		CODE           	0A6D	0000	63

C:\Program Files (x86)\Microchip\xc8\v1.42\sources\common\lwdiv.c estimated size: 63

C:\Program Files (x86)\Microchip\xc8\v1.42\sources\common\awdiv.c
		___awdiv       		CODE           	0B4B	0000	92

C:\Program Files (x86)\Microchip\xc8\v1.42\sources\common\awdiv.c estimated size: 92

saveEEPROM.c
		_eeprom_Load   		CODE           	0785	0000	112
		_eeprom_Save   		CODE           	0AFA	0000	82

saveEEPROM.c estimated size: 194

C:\Program Files (x86)\Microchip\xc8\v1.42\sources\common\fttol.c
		___fttol       		CODE           	0D62	0000	143

C:\Program Files (x86)\Microchip\xc8\v1.42\sources\common\fttol.c estimated size: 143

switch.c
		_pulsanti_alldebounce_task		CODE           	0928	0000	28
		_pulsante_INIT_debounce		CODE           	0AAB	0000	80
		_pulsante_debounce		CODE           	050A	0000	218

switch.c estimated size: 326

C:\Program Files (x86)\Microchip\xc8\v1.42\sources\common\awtoft.c
		___awtoft      		CODE           	0981	0000	38

C:\Program Files (x86)\Microchip\xc8\v1.42\sources\common\awtoft.c estimated size: 38

C:\Program Files (x86)\Microchip\xc8\v1.42\sources\common\lwtoft.c
		___lwtoft      		CODE           	0910	0000	25

C:\Program Files (x86)\Microchip\xc8\v1.42\sources\common\lwtoft.c estimated size: 25

C:\Program Files (x86)\Microchip\xc8\v1.42\sources\pic\eeread.c
		_eeprom_read   		CODE           	0943	0000	28

C:\Program Files (x86)\Microchip\xc8\v1.42\sources\pic\eeread.c estimated size: 28

isr.c
		_isr           		CODE           	09A6	0000	39

isr.c estimated size: 39

shared
		__initialization		CODE           	0015	0000	76

shared estimated size: 76

C:\Program Files (x86)\Microchip\xc8\v1.42\sources\common\float.c
		___ftpack      		CODE           	0C6F	0000	111

C:\Program Files (x86)\Microchip\xc8\v1.42\sources\common\float.c estimated size: 111

varie.c
		_millis        		CODE           	08E4	0000	22

varie.c estimated size: 22

C:\Program Files (x86)\Microchip\xc8\v1.42\sources\pic\eewrite.c
		_eeprom_write  		CODE           	09CC	0000	43

C:\Program Files (x86)\Microchip\xc8\v1.42\sources\pic\eewrite.c estimated size: 43

application.c
		_out_init      		CODE           	0E88	0000	179
		_ADC_START     		CODE           	08AC	0000	8
		_out_mod1_SW4__OFF		CODE           	0C04	0000	108
		_out_SW1_SW2__ON		CODE           	06B6	0000	208
		_buzzer_Stop   		CODE           	08B3	0000	8
		_buzzer_init   		CODE           	08BA	0000	8
		_buzzer_Start  		CODE           	095E	0000	36
		_ON_LED        		CODE           	0A31	0000	61
		_ADC_notte_init		CODE           	08F9	0000	24
		_out_mod1_SW4__ON		CODE           	0CDD	0000	134
		_switch_init   		CODE           	0BA6	0000	95
		_ADC_VALUE     		CODE           	08C1	0000	9
		_ADC_IS_DONE   		CODE           	08A0	0000	5
		_save_modalita_SW4		CODE           	08D1	0000	20
		_out_toggle    		CODE           	0F3A	0000	199
		_read_modalita_SW4		CODE           	07F4	0000	13

application.c estimated size: 1115

softPWM.c
		_softPWM_Set   		CODE           	0DF0	0000	153
		_softPWM_task  		CODE           	0342	0000	457
		_softPWM_init  		CODE           	09F6	0000	60

softPWM.c estimated size: 670

main.c
		_main          		CODE           	0064	0000	735

main.c estimated size: 735

